77.235.132.140 - - [15/Oct/2020:13:31:48 +0000] "GET /assets/css/style.css HTTP/1.1" 200 6032 "http://legalz.microbitstest.com/admin/dashboard" "Mozilla/5.0 (Windows NT 10.0; Win64; x64) AppleWebKit/537.36 (KHTML, like Gecko) Chrome/86.0.4240.75 Safari/537.36 Edg/86.0.622.38"
77.235.132.140 - - [15/Oct/2020:13:31:48 +0000] "GET /assets/admin/vendors/fullcalendar/dist/fullcalendar.min.css HTTP/1.1" 200 15251 "http://legalz.microbitstest.com/admin/dashboard" "Mozilla/5.0 (Windows NT 10.0; Win64; x64) AppleWebKit/537.36 (KHTML, like Gecko) Chrome/86.0.4240.75 Safari/537.36 Edg/86.0.622.38"
77.235.132.140 - - [15/Oct/2020:13:31:48 +0000] "GET /assets/admin/vendors/bootstrap/dist/js/bootstrap.min.js HTTP/1.1" 200 39680 "http://legalz.microbitstest.com/admin/dashboard" "Mozilla/5.0 (Windows NT 10.0; Win64; x64) AppleWebKit/537.36 (KHTML, like Gecko) Chrome/86.0.4240.75 Safari/537.36 Edg/86.0.622.38"
77.235.132.140 - - [15/Oct/2020:13:31:48 +0000] "GET /assets/admin/vendors/nprogress/nprogress.js HTTP/1.1" 200 11565 "http://legalz.microbitstest.com/admin/dashboard" "Mozilla/5.0 (Windows NT 10.0; Win64; x64) AppleWebKit/537.36 (KHTML, like Gecko) Chrome/86.0.4240.75 Safari/537.36 Edg/86.0.622.38"
77.235.132.140 - - [15/Oct/2020:13:31:48 +0000] "GET /assets/admin/vendors/fastclick/lib/fastclick.js HTTP/1.1" 200 25965 "http://legalz.microbitstest.com/admin/dashboard" "Mozilla/5.0 (Windows NT 10.0; Win64; x64) AppleWebKit/537.36 (KHTML, like Gecko) Chrome/86.0.4240.75 Safari/537.36 Edg/86.0.622.38"
77.235.132.140 - - [15/Oct/2020:13:31:48 +0000] "GET /assets/admin/vendors/select2/dist/js/select2.full.min.js HTTP/1.1" 200 75005 "http://legalz.microbitstest.com/admin/dashboard" "Mozilla/5.0 (Windows NT 10.0; Win64; x64) AppleWebKit/537.36 (KHTML, like Gecko) Chrome/86.0.4240.75 Safari/537.36 Edg/86.0.622.38"
77.235.132.140 - - [15/Oct/2020:13:31:48 +0000] "GET /assets/admin/vendors/bootstrap-progressbar/bootstrap-progressbar.min.js HTTP/1.1" 200 2333 "http://legalz.microbitstest.com/admin/dashboard" "Mozilla/5.0 (Windows NT 10.0; Win64; x64) AppleWebKit/537.36 (KHTML, like Gecko) Chrome/86.0.4240.75 Safari/537.36 Edg/86.0.622.38"
77.235.132.140 - - [15/Oct/2020:13:31:48 +0000] "GET /assets/admin/vendors/font-awesome/fonts/fontawesome-webfont.woff2?v=4.6.3 HTTP/1.1" 200 71896 "http://legalz.microbitstest.com/assets/admin/vendors/font-awesome/css/font-awesome.min.css" "Mozilla/5.0 (Windows NT 10.0; Win64; x64) AppleWebKit/537.36 (KHTML, like Gecko) Chrome/86.0.4240.75 Safari/537.36 Edg/86.0.622.38"
77.235.132.140 - - [15/Oct/2020:13:31:48 +0000] "GET /public/upload/user-icon-placeholder.png HTTP/1.1" 404 10359 "http://legalz.microbitstest.com/admin/dashboard" "Mozilla/5.0 (Windows NT 10.0; Win64; x64) AppleWebKit/537.36 (KHTML, like Gecko) Chrome/86.0.4240.75 Safari/537.36 Edg/86.0.622.38"
77.235.132.140 - - [15/Oct/2020:13:31:49 +0000] "GET /assets/admin/build/js/custom.js HTTP/1.1" 200 9985 "http://legalz.microbitstest.com/admin/dashboard" "Mozilla/5.0 (Windows NT 10.0; Win64; x64) AppleWebKit/537.36 (KHTML, like Gecko) Chrome/86.0.4240.75 Safari/537.36 Edg/86.0.622.38"
77.235.132.140 - - [15/Oct/2020:13:31:49 +0000] "GET /assets/admin/vendors/moment/min/moment.min.js HTTP/1.1" 200 46645 "http://legalz.microbitstest.com/admin/dashboard" "Mozilla/5.0 (Windows NT 10.0; Win64; x64) AppleWebKit/537.36 (KHTML, like Gecko) Chrome/86.0.4240.75 Safari/537.36 Edg/86.0.622.38"
77.235.132.140 - - [15/Oct/2020:13:31:49 +0000] "GET /assets/admin/js/sweetalert2.all.min.js HTTP/1.1" 200 63127 "http://legalz.microbitstest.com/admin/dashboard" "Mozilla/5.0 (Windows NT 10.0; Win64; x64) AppleWebKit/537.36 (KHTML, like Gecko) Chrome/86.0.4240.75 Safari/537.36 Edg/86.0.622.38"
77.235.132.140 - - [15/Oct/2020:13:31:49 +0000] "GET /assets/admin/vendors/DateJS/build/date.js HTTP/1.1" 200 128954 "http://legalz.microbitstest.com/admin/dashboard" "Mozilla/5.0 (Windows NT 10.0; Win64; x64) AppleWebKit/537.36 (KHTML, like Gecko) Chrome/86.0.4240.75 Safari/537.36 Edg/86.0.622.38"
77.235.132.140 - - [15/Oct/2020:13:31:49 +0000] "GET /assets/admin/vendors/datatables.net-bs/js/dataTables.bootstrap.min.js HTTP/1.1" 200 1960 "http://legalz.microbitstest.com/admin/dashboard" "Mozilla/5.0 (Windows NT 10.0; Win64; x64) AppleWebKit/537.36 (KHTML, like Gecko) Chrome/86.0.4240.75 Safari/537.36 Edg/86.0.622.38"
77.235.132.140 - - [15/Oct/2020:13:31:49 +0000] "GET /assets/admin/vendors/datatables.net/js/jquery.dataTables.min.js HTTP/1.1" 200 82638 "http://legalz.microbitstest.com/admin/dashboard" "Mozilla/5.0 (Windows NT 10.0; Win64; x64) AppleWebKit/537.36 (KHTML, like Gecko) Chrome/86.0.4240.75 Safari/537.36 Edg/86.0.622.38"
77.235.132.140 - - [15/Oct/2020:13:31:49 +0000] "GET /assets/admin/vendors/bootstrap-datetimepicker/build/js/bootstrap-datetimepicker.min.js HTTP/1.1" 200 38510 "http://legalz.microbitstest.com/admin/dashboard" "Mozilla/5.0 (Windows NT 10.0; Win64; x64) AppleWebKit/537.36 (KHTML, like Gecko) Chrome/86.0.4240.75 Safari/537.36 Edg/86.0.622.38"
77.235.132.140 - - [15/Oct/2020:13:31:49 +0000] "GET /assets/admin/js/jquery.validate.min.js HTTP/1.1" 200 24376 "http://legalz.microbitstest.com/admin/dashboard" "Mozilla/5.0 (Windows NT 10.0; Win64; x64) AppleWebKit/537.36 (KHTML, like Gecko) Chrome/86.0.4240.75 Safari/537.36 Edg/86.0.622.38"
77.235.132.140 - - [15/Oct/2020:13:31:49 +0000] "GET /assets/js/script.js HTTP/1.1" 200 5885 "http://legalz.microbitstest.com/admin/dashboard" "Mozilla/5.0 (Windows NT 10.0; Win64; x64) AppleWebKit/537.36 (KHTML, like Gecko) Chrome/86.0.4240.75 Safari/537.36 Edg/86.0.622.38"
77.235.132.140 - - [15/Oct/2020:13:31:49 +0000] "GET /assets/admin/vendors/bootstrap-datepicker/js/bootstrap-datepicker.min.js HTTP/1.1" 200 34172 "http://legalz.microbitstest.com/admin/dashboard" "Mozilla/5.0 (Windows NT 10.0; Win64; x64) AppleWebKit/537.36 (KHTML, like Gecko) Chrome/86.0.4240.75 Safari/537.36 Edg/86.0.622.38"
77.235.132.140 - - [15/Oct/2020:13:31:49 +0000] "GET /assets/admin/vendors/fullcalendar/dist/moment.min.js HTTP/1.1" 200 61318 "http://legalz.microbitstest.com/admin/dashboard" "Mozilla/5.0 (Windows NT 10.0; Win64; x64) AppleWebKit/537.36 (KHTML, like Gecko) Chrome/86.0.4240.75 Safari/537.36 Edg/86.0.622.38"
77.235.132.140 - - [15/Oct/2020:13:31:49 +0000] "GET /assets/js/dashbord/dashbord-datatable.js HTTP/1.1" 200 8044 "http://legalz.microbitstest.com/admin/dashboard" "Mozilla/5.0 (Windows NT 10.0; Win64; x64) AppleWebKit/537.36 (KHTML, like Gecko) Chrome/86.0.4240.75 Safari/537.36 Edg/86.0.622.38"
77.235.132.140 - - [15/Oct/2020:13:31:49 +0000] "GET /assets/admin/vendors/fullcalendar/dist/fullcalendar.min.js HTTP/1.1" 200 131347 "http://legalz.microbitstest.com/admin/dashboard" "Mozilla/5.0 (Windows NT 10.0; Win64; x64) AppleWebKit/537.36 (KHTML, like Gecko) Chrome/86.0.4240.75 Safari/537.36 Edg/86.0.622.38"
77.235.132.140 - - [15/Oct/2020:13:31:50 +0000] "GET /admin/ajaxCalander?start=10&end=2020 HTTP/1.1" 200 2 "http://legalz.microbitstest.com/admin/dashboard" "Mozilla/5.0 (Windows NT 10.0; Win64; x64) AppleWebKit/537.36 (KHTML, like Gecko) Chrome/86.0.4240.75 Safari/537.36 Edg/86.0.622.38"
77.235.132.140 - - [15/Oct/2020:13:32:25 +0000] "GET /admin/clients HTTP/1.1" 200 14242 "http://legalz.microbitstest.com/admin/dashboard" "Mozilla/5.0 (Windows NT 10.0; Win64; x64) AppleWebKit/537.36 (KHTML, like Gecko) Chrome/86.0.4240.75 Safari/537.36 Edg/86.0.622.38"
77.235.132.140 - - [15/Oct/2020:13:32:25 +0000] "GET /assets/js/client/client-datatable.js HTTP/1.1" 200 1682 "http://legalz.microbitstest.com/admin/clients" "Mozilla/5.0 (Windows NT 10.0; Win64; x64) AppleWebKit/537.36 (KHTML, like Gecko) Chrome/86.0.4240.75 Safari/537.36 Edg/86.0.622.38"
77.235.132.140 - - [15/Oct/2020:13:32:25 +0000] "GET /public/upload/user-icon-placeholder.png HTTP/1.1" 404 10359 "http://legalz.microbitstest.com/admin/clients" "Mozilla/5.0 (Windows NT 10.0; Win64; x64) AppleWebKit/537.36 (KHTML, like Gecko) Chrome/86.0.4240.75 Safari/537.36 Edg/86.0.622.38"
77.235.132.140 - - [15/Oct/2020:13:32:26 +0000] "GET /assets/admin/vendors/bootstrap/dist/fonts/glyphicons-halflings-regular.woff2 HTTP/1.1" 200 18028 "http://legalz.microbitstest.com/assets/admin/vendors/bootstrap/dist/css/bootstrap.min.css" "Mozilla/5.0 (Windows NT 10.0; Win64; x64) AppleWebKit/537.36 (KHTML, like Gecko) Chrome/86.0.4240.75 Safari/537.36 Edg/86.0.622.38"
77.235.132.140 - - [15/Oct/2020:13:32:26 +0000] "POST /admin/clients/data-list HTTP/1.1" 200 57 "http://legalz.microbitstest.com/admin/clients" "Mozilla/5.0 (Windows NT 10.0; Win64; x64) AppleWebKit/537.36 (KHTML, like Gecko) Chrome/86.0.4240.75 Safari/537.36 Edg/86.0.622.38"
77.235.132.140 - - [15/Oct/2020:13:32:30 +0000] "GET /admin/dashboard HTTP/1.1" 200 24821 "http://legalz.microbitstest.com/admin/clients" "Mozilla/5.0 (Windows NT 10.0; Win64; x64) AppleWebKit/537.36 (KHTML, like Gecko) Chrome/86.0.4240.75 Safari/537.36 Edg/86.0.622.38"
77.235.132.140 - - [15/Oct/2020:13:32:30 +0000] "GET /public/upload/user-icon-placeholder.png HTTP/1.1" 404 10359 "http://legalz.microbitstest.com/admin/dashboard" "Mozilla/5.0 (Windows NT 10.0; Win64; x64) AppleWebKit/537.36 (KHTML, like Gecko) Chrome/86.0.4240.75 Safari/537.36 Edg/86.0.622.38"
77.235.132.140 - - [15/Oct/2020:13:32:30 +0000] "GET /admin/ajaxCalander?start=10&end=2020 HTTP/1.1" 200 2 "http://legalz.microbitstest.com/admin/dashboard" "Mozilla/5.0 (Windows NT 10.0; Win64; x64) AppleWebKit/537.36 (KHTML, like Gecko) Chrome/86.0.4240.75 Safari/537.36 Edg/86.0.622.38"
77.235.132.140 - - [15/Oct/2020:13:32:32 +0000] "GET /admin/clients HTTP/1.1" 200 14242 "http://legalz.microbitstest.com/admin/dashboard" "Mozilla/5.0 (Windows NT 10.0; Win64; x64) AppleWebKit/537.36 (KHTML, like Gecko) Chrome/86.0.4240.75 Safari/537.36 Edg/86.0.622.38"
77.235.132.140 - - [15/Oct/2020:13:32:32 +0000] "GET /public/upload/user-icon-placeholder.png HTTP/1.1" 404 10359 "http://legalz.microbitstest.com/admin/clients" "Mozilla/5.0 (Windows NT 10.0; Win64; x64) AppleWebKit/537.36 (KHTML, like Gecko) Chrome/86.0.4240.75 Safari/537.36 Edg/86.0.622.38"
77.235.132.140 - - [15/Oct/2020:13:32:32 +0000] "POST /admin/clients/data-list HTTP/1.1" 200 57 "http://legalz.microbitstest.com/admin/clients" "Mozilla/5.0 (Windows NT 10.0; Win64; x64) AppleWebKit/537.36 (KHTML, like Gecko) Chrome/86.0.4240.75 Safari/537.36 Edg/86.0.622.38"
77.235.132.140 - - [15/Oct/2020:13:32:38 +0000] "GET /admin/clients/create HTTP/1.1" 200 33413 "http://legalz.microbitstest.com/admin/clients" "Mozilla/5.0 (Windows NT 10.0; Win64; x64) AppleWebKit/537.36 (KHTML, like Gecko) Chrome/86.0.4240.75 Safari/537.36 Edg/86.0.622.38"
77.235.132.140 - - [15/Oct/2020:13:32:38 +0000] "GET /assets/admin/js/selectjs.js HTTP/1.1" 200 3251 "http://legalz.microbitstest.com/admin/clients/create" "Mozilla/5.0 (Windows NT 10.0; Win64; x64) AppleWebKit/537.36 (KHTML, like Gecko) Chrome/86.0.4240.75 Safari/537.36 Edg/86.0.622.38"
77.235.132.140 - - [15/Oct/2020:13:32:38 +0000] "GET /assets/js/client/add-client-validation.js HTTP/1.1" 200 4470 "http://legalz.microbitstest.com/admin/clients/create" "Mozilla/5.0 (Windows NT 10.0; Win64; x64) AppleWebKit/537.36 (KHTML, like Gecko) Chrome/86.0.4240.75 Safari/537.36 Edg/86.0.622.38"
77.235.132.140 - - [15/Oct/2020:13:32:38 +0000] "GET /public/upload/user-icon-placeholder.png HTTP/1.1" 404 10359 "http://legalz.microbitstest.com/admin/clients/create" "Mozilla/5.0 (Windows NT 10.0; Win64; x64) AppleWebKit/537.36 (KHTML, like Gecko) Chrome/86.0.4240.75 Safari/537.36 Edg/86.0.622.38"
77.235.132.140 - - [15/Oct/2020:13:32:38 +0000] "GET /assets/admin/vendors/repeter/repeater.js HTTP/1.1" 200 27489 "http://legalz.microbitstest.com/admin/clients/create" "Mozilla/5.0 (Windows NT 10.0; Win64; x64) AppleWebKit/537.36 (KHTML, like Gecko) Chrome/86.0.4240.75 Safari/537.36 Edg/86.0.622.38"
77.235.132.140 - - [15/Oct/2020:13:32:38 +0000] "GET /assets/admin/vendors/jquery-ui/jquery-ui.js HTTP/1.1" 200 520714 "http://legalz.microbitstest.com/admin/clients/create" "Mozilla/5.0 (Windows NT 10.0; Win64; x64) AppleWebKit/537.36 (KHTML, like Gecko) Chrome/86.0.4240.75 Safari/537.36 Edg/86.0.622.38"
77.235.132.140 - - [15/Oct/2020:13:32:44 +0000] "GET /admin/dashboard HTTP/1.1" 200 24821 "http://legalz.microbitstest.com/admin/clients/create" "Mozilla/5.0 (Windows NT 10.0; Win64; x64) AppleWebKit/537.36 (KHTML, like Gecko) Chrome/86.0.4240.75 Safari/537.36 Edg/86.0.622.38"
77.235.132.140 - - [15/Oct/2020:13:32:44 +0000] "GET /public/upload/user-icon-placeholder.png HTTP/1.1" 404 10359 "http://legalz.microbitstest.com/admin/dashboard" "Mozilla/5.0 (Windows NT 10.0; Win64; x64) AppleWebKit/537.36 (KHTML, like Gecko) Chrome/86.0.4240.75 Safari/537.36 Edg/86.0.622.38"
77.235.132.140 - - [15/Oct/2020:13:32:44 +0000] "GET /admin/ajaxCalander?start=10&end=2020 HTTP/1.1" 200 2 "http://legalz.microbitstest.com/admin/dashboard" "Mozilla/5.0 (Windows NT 10.0; Win64; x64) AppleWebKit/537.36 (KHTML, like Gecko) Chrome/86.0.4240.75 Safari/537.36 Edg/86.0.622.38"
77.246.77.10 - - [15/Oct/2020:13:33:05 +0000] "GET /admin/admin-profile HTTP/1.1" 200 31420 "http://legalz.microbitstest.com/admin/dashboard" "Mozilla/5.0 (Windows NT 10.0; Win64; x64) AppleWebKit/537.36 (KHTML, like Gecko) Chrome/85.0.4183.121 Safari/537.36"
77.246.77.10 - - [15/Oct/2020:13:33:05 +0000] "GET /assets/admin/Image-preview/dist/css/bootstrap-imageupload.css HTTP/1.1" 304 - "http://legalz.microbitstest.com/admin/admin-profile" "Mozilla/5.0 (Windows NT 10.0; Win64; x64) AppleWebKit/537.36 (KHTML, like Gecko) Chrome/85.0.4183.121 Safari/537.36"
77.246.77.10 - - [15/Oct/2020:13:33:05 +0000] "GET /assets/admin/jcropper/css/cropper.min.css HTTP/1.1" 304 - "http://legalz.microbitstest.com/admin/admin-profile" "Mozilla/5.0 (Windows NT 10.0; Win64; x64) AppleWebKit/537.36 (KHTML, like Gecko) Chrome/85.0.4183.121 Safari/537.36"
77.246.77.10 - - [15/Oct/2020:13:33:06 +0000] "GET /assets/js/profile/image-crop.js HTTP/1.1" 304 - "http://legalz.microbitstest.com/admin/admin-profile" "Mozilla/5.0 (Windows NT 10.0; Win64; x64) AppleWebKit/537.36 (KHTML, like Gecko) Chrome/85.0.4183.121 Safari/537.36"
77.246.77.10 - - [15/Oct/2020:13:33:06 +0000] "GET /assets/admin/jcropper/js/cropper.min.js HTTP/1.1" 304 - "http://legalz.microbitstest.com/admin/admin-profile" "Mozilla/5.0 (Windows NT 10.0; Win64; x64) AppleWebKit/537.36 (KHTML, like Gecko) Chrome/85.0.4183.121 Safari/537.36"
77.246.77.10 - - [15/Oct/2020:13:33:06 +0000] "GET /assets/js/profile/profile-validation.js HTTP/1.1" 304 - "http://legalz.microbitstest.com/admin/admin-profile" "Mozilla/5.0 (Windows NT 10.0; Win64; x64) AppleWebKit/537.36 (KHTML, like Gecko) Chrome/85.0.4183.121 Safari/537.36"
77.246.77.10 - - [15/Oct/2020:13:33:06 +0000] "GET /assets/admin/js/selectjs.js HTTP/1.1" 304 - "http://legalz.microbitstest.com/admin/admin-profile" "Mozilla/5.0 (Windows NT 10.0; Win64; x64) AppleWebKit/537.36 (KHTML, like Gecko) Chrome/85.0.4183.121 Safari/537.36"
77.246.77.10 - - [15/Oct/2020:13:33:06 +0000] "GET /assets/js/profile/change-password-validation.js HTTP/1.1" 304 - "http://legalz.microbitstest.com/admin/admin-profile" "Mozilla/5.0 (Windows NT 10.0; Win64; x64) AppleWebKit/537.36 (KHTML, like Gecko) Chrome/85.0.4183.121 Safari/537.36"
77.246.77.10 - - [15/Oct/2020:13:33:05 +0000] "GET /public/upload/user-icon-placeholder.png HTTP/1.1" 404 10359 "http://legalz.microbitstest.com/admin/admin-profile" "Mozilla/5.0 (Windows NT 10.0; Win64; x64) AppleWebKit/537.36 (KHTML, like Gecko) Chrome/85.0.4183.121 Safari/537.36"
77.246.77.10 - - [15/Oct/2020:13:33:05 +0000] "GET /public/upload/profile.png HTTP/1.1" 404 10359 "http://legalz.microbitstest.com/admin/admin-profile" "Mozilla/5.0 (Windows NT 10.0; Win64; x64) AppleWebKit/537.36 (KHTML, like Gecko) Chrome/85.0.4183.121 Safari/537.36"
77.235.132.140 - - [15/Oct/2020:13:33:25 +0000] "GET /admin/dashboard HTTP/1.1" 200 24821 "http://legalz.microbitstest.com/admin/dashboard" "Mozilla/5.0 (Windows NT 10.0; Win64; x64) AppleWebKit/537.36 (KHTML, like Gecko) Chrome/86.0.4240.75 Safari/537.36 Edg/86.0.622.38"
77.235.132.140 - - [15/Oct/2020:13:33:26 +0000] "GET /public/upload/user-icon-placeholder.png HTTP/1.1" 404 10359 "http://legalz.microbitstest.com/admin/dashboard" "Mozilla/5.0 (Windows NT 10.0; Win64; x64) AppleWebKit/537.36 (KHTML, like Gecko) Chrome/86.0.4240.75 Safari/537.36 Edg/86.0.622.38"
77.235.132.140 - - [15/Oct/2020:13:33:27 +0000] "GET /admin/ajaxCalander?start=10&end=2020 HTTP/1.1" 200 2 "http://legalz.microbitstest.com/admin/dashboard" "Mozilla/5.0 (Windows NT 10.0; Win64; x64) AppleWebKit/537.36 (KHTML, like Gecko) Chrome/86.0.4240.75 Safari/537.36 Edg/86.0.622.38"
77.246.77.10 - - [15/Oct/2020:13:33:46 +0000] "GET /admin/admin-profile HTTP/1.1" 200 31420 "http://legalz.microbitstest.com/admin/admin-profile" "Mozilla/5.0 (Windows NT 10.0; Win64; x64) AppleWebKit/537.36 (KHTML, like Gecko) Chrome/85.0.4183.121 Safari/537.36"
77.246.77.10 - - [15/Oct/2020:13:33:47 +0000] "GET /public/upload/user-icon-placeholder.png HTTP/1.1" 404 10359 "http://legalz.microbitstest.com/admin/admin-profile" "Mozilla/5.0 (Windows NT 10.0; Win64; x64) AppleWebKit/537.36 (KHTML, like Gecko) Chrome/85.0.4183.121 Safari/537.36"
77.246.77.10 - - [15/Oct/2020:13:33:47 +0000] "GET /public/upload/profile.png HTTP/1.1" 404 10359 "http://legalz.microbitstest.com/admin/admin-profile" "Mozilla/5.0 (Windows NT 10.0; Win64; x64) AppleWebKit/537.36 (KHTML, like Gecko) Chrome/85.0.4183.121 Safari/537.36"
77.246.77.10 - - [15/Oct/2020:13:34:03 +0000] "POST /admin/check_user_email_exits HTTP/1.1" 200 4 "http://legalz.microbitstest.com/admin/admin-profile" "Mozilla/5.0 (Windows NT 10.0; Win64; x64) AppleWebKit/537.36 (KHTML, like Gecko) Chrome/85.0.4183.121 Safari/537.36"
77.246.77.10 - - [15/Oct/2020:13:34:03 +0000] "POST /admin/edit-profile HTTP/1.1" 500 212482 "http://legalz.microbitstest.com/admin/admin-profile" "Mozilla/5.0 (Windows NT 10.0; Win64; x64) AppleWebKit/537.36 (KHTML, like Gecko) Chrome/85.0.4183.121 Safari/537.36"
77.246.77.10 - - [15/Oct/2020:13:34:05 +0000] "GET /admin/edit-profile HTTP/1.1" 405 363487 "http://legalz.microbitstest.com/admin/edit-profile" "Mozilla/5.0 (Windows NT 10.0; Win64; x64) AppleWebKit/537.36 (KHTML, like Gecko) Chrome/85.0.4183.121 Safari/537.36"
77.246.77.10 - - [15/Oct/2020:13:34:08 +0000] "GET /public/upload/user-icon-placeholder.png HTTP/1.1" 404 10359 "http://legalz.microbitstest.com/admin/admin-profile" "Mozilla/5.0 (Windows NT 10.0; Win64; x64) AppleWebKit/537.36 (KHTML, like Gecko) Chrome/85.0.4183.121 Safari/537.36"
77.246.77.10 - - [15/Oct/2020:13:34:08 +0000] "GET /public/upload/profile.png HTTP/1.1" 404 10359 "http://legalz.microbitstest.com/admin/admin-profile" "Mozilla/5.0 (Windows NT 10.0; Win64; x64) AppleWebKit/537.36 (KHTML, like Gecko) Chrome/85.0.4183.121 Safari/537.36"
77.246.77.10 - - [15/Oct/2020:13:34:09 +0000] "GET /admin/dashboard HTTP/1.1" 200 24821 "http://legalz.microbitstest.com/admin/admin-profile" "Mozilla/5.0 (Windows NT 10.0; Win64; x64) AppleWebKit/537.36 (KHTML, like Gecko) Chrome/85.0.4183.121 Safari/537.36"
77.246.77.10 - - [15/Oct/2020:13:34:10 +0000] "GET /assets/admin/vendors/fullcalendar/dist/moment.min.js HTTP/1.1" 304 - "http://legalz.microbitstest.com/admin/dashboard" "Mozilla/5.0 (Windows NT 10.0; Win64; x64) AppleWebKit/537.36 (KHTML, like Gecko) Chrome/85.0.4183.121 Safari/537.36"
77.246.77.10 - - [15/Oct/2020:13:34:10 +0000] "GET /public/upload/user-icon-placeholder.png HTTP/1.1" 404 10359 "http://legalz.microbitstest.com/admin/dashboard" "Mozilla/5.0 (Windows NT 10.0; Win64; x64) AppleWebKit/537.36 (KHTML, like Gecko) Chrome/85.0.4183.121 Safari/537.36"
77.246.77.10 - - [15/Oct/2020:13:34:10 +0000] "GET /admin/ajaxCalander?start=10&end=2020 HTTP/1.1" 200 2 "http://legalz.microbitstest.com/admin/dashboard" "Mozilla/5.0 (Windows NT 10.0; Win64; x64) AppleWebKit/537.36 (KHTML, like Gecko) Chrome/85.0.4183.121 Safari/537.36"
77.246.77.10 - - [15/Oct/2020:13:34:15 +0000] "GET /admin/case-running HTTP/1.1" 200 18506 "http://legalz.microbitstest.com/admin/dashboard" "Mozilla/5.0 (Windows NT 10.0; Win64; x64) AppleWebKit/537.36 (KHTML, like Gecko) Chrome/85.0.4183.121 Safari/537.36"
77.246.77.10 - - [15/Oct/2020:13:34:16 +0000] "GET /public/upload/user-icon-placeholder.png HTTP/1.1" 404 10359 "http://legalz.microbitstest.com/admin/case-running" "Mozilla/5.0 (Windows NT 10.0; Win64; x64) AppleWebKit/537.36 (KHTML, like Gecko) Chrome/85.0.4183.121 Safari/537.36"
77.246.77.10 - - [15/Oct/2020:13:34:16 +0000] "GET /assets/js/case/case-datatable.js HTTP/1.1" 200 5996 "http://legalz.microbitstest.com/admin/case-running" "Mozilla/5.0 (Windows NT 10.0; Win64; x64) AppleWebKit/537.36 (KHTML, like Gecko) Chrome/85.0.4183.121 Safari/537.36"
77.246.77.10 - - [15/Oct/2020:13:34:16 +0000] "GET /assets/admin/vendors/bootstrap/dist/fonts/glyphicons-halflings-regular.woff2 HTTP/1.1" 304 - "http://legalz.microbitstest.com/assets/admin/vendors/bootstrap/dist/css/bootstrap.min.css" "Mozilla/5.0 (Windows NT 10.0; Win64; x64) AppleWebKit/537.36 (KHTML, like Gecko) Chrome/85.0.4183.121 Safari/537.36"
77.246.77.10 - - [15/Oct/2020:13:34:16 +0000] "POST /admin/allCaseList HTTP/1.1" 200 57 "http://legalz.microbitstest.com/admin/case-running" "Mozilla/5.0 (Windows NT 10.0; Win64; x64) AppleWebKit/537.36 (KHTML, like Gecko) Chrome/85.0.4183.121 Safari/537.36"
77.235.132.140 - - [15/Oct/2020:13:34:18 +0000] "GET /admin/case-running/create HTTP/1.1" 200 30430 "http://legalz.microbitstest.com/admin/dashboard" "Mozilla/5.0 (Windows NT 10.0; Win64; x64) AppleWebKit/537.36 (KHTML, like Gecko) Chrome/86.0.4240.75 Safari/537.36 Edg/86.0.622.38"
77.235.132.140 - - [15/Oct/2020:13:34:19 +0000] "GET /public/upload/user-icon-placeholder.png HTTP/1.1" 404 10359 "http://legalz.microbitstest.com/admin/case-running/create" "Mozilla/5.0 (Windows NT 10.0; Win64; x64) AppleWebKit/537.36 (KHTML, like Gecko) Chrome/86.0.4240.75 Safari/537.36 Edg/86.0.622.38"
77.235.132.140 - - [15/Oct/2020:13:34:19 +0000] "GET /assets/js/case/case-add-validation.js HTTP/1.1" 200 8353 "http://legalz.microbitstest.com/admin/case-running/create" "Mozilla/5.0 (Windows NT 10.0; Win64; x64) AppleWebKit/537.36 (KHTML, like Gecko) Chrome/86.0.4240.75 Safari/537.36 Edg/86.0.622.38"
77.235.132.140 - - [15/Oct/2020:13:34:19 +0000] "GET /assets/admin/js/repeter/repeater.js HTTP/1.1" 200 27489 "http://legalz.microbitstest.com/admin/case-running/create" "Mozilla/5.0 (Windows NT 10.0; Win64; x64) AppleWebKit/537.36 (KHTML, like Gecko) Chrome/86.0.4240.75 Safari/537.36 Edg/86.0.622.38"
77.246.77.10 - - [15/Oct/2020:13:34:20 +0000] "GET /admin/case-running/create HTTP/1.1" 200 30430 "http://legalz.microbitstest.com/admin/case-running" "Mozilla/5.0 (Windows NT 10.0; Win64; x64) AppleWebKit/537.36 (KHTML, like Gecko) Chrome/85.0.4183.121 Safari/537.36"
77.246.77.10 - - [15/Oct/2020:13:34:20 +0000] "GET /admin/case-running/create HTTP/1.1" 200 30430 "http://legalz.microbitstest.com/admin/case-running" "Mozilla/5.0 (Windows NT 10.0; Win64; x64) AppleWebKit/537.36 (KHTML, like Gecko) Chrome/85.0.4183.121 Safari/537.36"
77.246.77.10 - - [15/Oct/2020:13:34:20 +0000] "GET /public/upload/user-icon-placeholder.png HTTP/1.1" 404 10359 "http://legalz.microbitstest.com/admin/case-running/create" "Mozilla/5.0 (Windows NT 10.0; Win64; x64) AppleWebKit/537.36 (KHTML, like Gecko) Chrome/85.0.4183.121 Safari/537.36"
77.246.77.10 - - [15/Oct/2020:13:34:21 +0000] "GET /assets/js/case/case-add-validation.js HTTP/1.1" 200 8353 "http://legalz.microbitstest.com/admin/case-running/create" "Mozilla/5.0 (Windows NT 10.0; Win64; x64) AppleWebKit/537.36 (KHTML, like Gecko) Chrome/85.0.4183.121 Safari/537.36"
77.246.77.10 - - [15/Oct/2020:13:34:21 +0000] "GET /assets/admin/js/repeter/repeater.js HTTP/1.1" 200 27489 "http://legalz.microbitstest.com/admin/case-running/create" "Mozilla/5.0 (Windows NT 10.0; Win64; x64) AppleWebKit/537.36 (KHTML, like Gecko) Chrome/85.0.4183.121 Safari/537.36"
77.235.132.140 - - [15/Oct/2020:13:34:59 +0000] "GET /public/upload/user-icon-placeholder.png HTTP/1.1" 404 10359 "http://legalz.microbitstest.com/admin/dashboard" "Mozilla/5.0 (Windows NT 10.0; Win64; x64) AppleWebKit/537.36 (KHTML, like Gecko) Chrome/86.0.4240.75 Safari/537.36 Edg/86.0.622.38"
77.235.132.140 - - [15/Oct/2020:13:35:02 +0000] "GET /admin/clients HTTP/1.1" 200 14242 "http://legalz.microbitstest.com/admin/dashboard" "Mozilla/5.0 (Windows NT 10.0; Win64; x64) AppleWebKit/537.36 (KHTML, like Gecko) Chrome/86.0.4240.75 Safari/537.36 Edg/86.0.622.38"
77.235.132.140 - - [15/Oct/2020:13:35:03 +0000] "GET /public/upload/user-icon-placeholder.png HTTP/1.1" 404 10359 "http://legalz.microbitstest.com/admin/clients" "Mozilla/5.0 (Windows NT 10.0; Win64; x64) AppleWebKit/537.36 (KHTML, like Gecko) Chrome/86.0.4240.75 Safari/537.36 Edg/86.0.622.38"
77.235.132.140 - - [15/Oct/2020:13:35:03 +0000] "POST /admin/clients/data-list HTTP/1.1" 200 57 "http://legalz.microbitstest.com/admin/clients" "Mozilla/5.0 (Windows NT 10.0; Win64; x64) AppleWebKit/537.36 (KHTML, like Gecko) Chrome/86.0.4240.75 Safari/537.36 Edg/86.0.622.38"
77.235.132.140 - - [15/Oct/2020:13:35:07 +0000] "GET /admin/clients/create HTTP/1.1" 200 33413 "http://legalz.microbitstest.com/admin/clients" "Mozilla/5.0 (Windows NT 10.0; Win64; x64) AppleWebKit/537.36 (KHTML, like Gecko) Chrome/86.0.4240.75 Safari/537.36 Edg/86.0.622.38"
77.235.132.140 - - [15/Oct/2020:13:35:08 +0000] "GET /public/upload/user-icon-placeholder.png HTTP/1.1" 404 10359 "http://legalz.microbitstest.com/admin/clients/create" "Mozilla/5.0 (Windows NT 10.0; Win64; x64) AppleWebKit/537.36 (KHTML, like Gecko) Chrome/86.0.4240.75 Safari/537.36 Edg/86.0.622.38"
77.246.77.10 - - [15/Oct/2020:13:35:58 +0000] "GET /admin/dashboard HTTP/1.1" 200 24821 "http://legalz.microbitstest.com/admin/case-running/create" "Mozilla/5.0 (Windows NT 10.0; Win64; x64) AppleWebKit/537.36 (KHTML, like Gecko) Chrome/85.0.4183.121 Safari/537.36"
77.246.77.10 - - [15/Oct/2020:13:35:59 +0000] "GET /public/upload/user-icon-placeholder.png HTTP/1.1" 404 10359 "http://legalz.microbitstest.com/admin/dashboard" "Mozilla/5.0 (Windows NT 10.0; Win64; x64) AppleWebKit/537.36 (KHTML, like Gecko) Chrome/85.0.4183.121 Safari/537.36"
77.246.77.10 - - [15/Oct/2020:13:35:59 +0000] "GET /admin/ajaxCalander?start=10&end=2020 HTTP/1.1" 200 2 "http://legalz.microbitstest.com/admin/dashboard" "Mozilla/5.0 (Windows NT 10.0; Win64; x64) AppleWebKit/537.36 (KHTML, like Gecko) Chrome/85.0.4183.121 Safari/537.36"
77.246.77.10 - - [15/Oct/2020:13:36:05 +0000] "GET /admin/clients HTTP/1.1" 200 14242 "http://legalz.microbitstest.com/admin/dashboard" "Mozilla/5.0 (Windows NT 10.0; Win64; x64) AppleWebKit/537.36 (KHTML, like Gecko) Chrome/85.0.4183.121 Safari/537.36"
77.246.77.10 - - [15/Oct/2020:13:36:05 +0000] "GET /assets/js/client/client-datatable.js HTTP/1.1" 304 - "http://legalz.microbitstest.com/admin/clients" "Mozilla/5.0 (Windows NT 10.0; Win64; x64) AppleWebKit/537.36 (KHTML, like Gecko) Chrome/85.0.4183.121 Safari/537.36"
77.246.77.10 - - [15/Oct/2020:13:36:05 +0000] "GET /public/upload/user-icon-placeholder.png HTTP/1.1" 404 10359 "http://legalz.microbitstest.com/admin/clients" "Mozilla/5.0 (Windows NT 10.0; Win64; x64) AppleWebKit/537.36 (KHTML, like Gecko) Chrome/85.0.4183.121 Safari/537.36"
77.246.77.10 - - [15/Oct/2020:13:36:05 +0000] "POST /admin/clients/data-list HTTP/1.1" 200 57 "http://legalz.microbitstest.com/admin/clients" "Mozilla/5.0 (Windows NT 10.0; Win64; x64) AppleWebKit/537.36 (KHTML, like Gecko) Chrome/85.0.4183.121 Safari/537.36"
77.246.77.10 - - [15/Oct/2020:13:36:13 +0000] "GET /admin/clients/create HTTP/1.1" 200 33413 "http://legalz.microbitstest.com/admin/clients" "Mozilla/5.0 (Windows NT 10.0; Win64; x64) AppleWebKit/537.36 (KHTML, like Gecko) Chrome/85.0.4183.121 Safari/537.36"
77.246.77.10 - - [15/Oct/2020:13:36:14 +0000] "GET /public/upload/user-icon-placeholder.png HTTP/1.1" 404 10359 "http://legalz.microbitstest.com/admin/clients/create" "Mozilla/5.0 (Windows NT 10.0; Win64; x64) AppleWebKit/537.36 (KHTML, like Gecko) Chrome/85.0.4183.121 Safari/537.36"
77.246.77.10 - - [15/Oct/2020:13:36:14 +0000] "GET /assets/js/client/add-client-validation.js HTTP/1.1" 200 4470 "http://legalz.microbitstest.com/admin/clients/create" "Mozilla/5.0 (Windows NT 10.0; Win64; x64) AppleWebKit/537.36 (KHTML, like Gecko) Chrome/85.0.4183.121 Safari/537.36"
77.246.77.10 - - [15/Oct/2020:13:36:14 +0000] "GET /assets/admin/vendors/repeter/repeater.js HTTP/1.1" 200 27489 "http://legalz.microbitstest.com/admin/clients/create" "Mozilla/5.0 (Windows NT 10.0; Win64; x64) AppleWebKit/537.36 (KHTML, like Gecko) Chrome/85.0.4183.121 Safari/537.36"
77.246.77.10 - - [15/Oct/2020:13:36:14 +0000] "GET /assets/admin/vendors/jquery-ui/jquery-ui.js HTTP/1.1" 200 520714 "http://legalz.microbitstest.com/admin/clients/create" "Mozilla/5.0 (Windows NT 10.0; Win64; x64) AppleWebKit/537.36 (KHTML, like Gecko) Chrome/85.0.4183.121 Safari/537.36"
77.246.77.10 - - [15/Oct/2020:13:36:22 +0000] "GET /f/state?id= HTTP/1.1" 200 195334 "http://legalz.microbitstest.com/admin/clients/create" "Mozilla/5.0 (Windows NT 10.0; Win64; x64) AppleWebKit/537.36 (KHTML, like Gecko) Chrome/85.0.4183.121 Safari/537.36"
77.246.77.10 - - [15/Oct/2020:13:36:23 +0000] "GET /f/state?id= HTTP/1.1" 200 195334 "http://legalz.microbitstest.com/admin/clients/create" "Mozilla/5.0 (Windows NT 10.0; Win64; x64) AppleWebKit/537.36 (KHTML, like Gecko) Chrome/85.0.4183.121 Safari/537.36"
77.246.77.10 - - [15/Oct/2020:13:36:24 +0000] "GET /f/state?id= HTTP/1.1" 200 195334 "http://legalz.microbitstest.com/admin/clients/create" "Mozilla/5.0 (Windows NT 10.0; Win64; x64) AppleWebKit/537.36 (KHTML, like Gecko) Chrome/85.0.4183.121 Safari/537.36"
77.235.132.140 - - [15/Oct/2020:13:41:51 +0000] "GET /f/country HTTP/1.1" 200 15431 "http://legalz.microbitstest.com/admin/clients/create" "Mozilla/5.0 (Windows NT 10.0; Win64; x64) AppleWebKit/537.36 (KHTML, like Gecko) Chrome/86.0.4240.75 Safari/537.36 Edg/86.0.622.38"
77.235.132.140 - - [15/Oct/2020:13:41:54 +0000] "GET /f/country?search=l HTTP/1.1" 200 6425 "http://legalz.microbitstest.com/admin/clients/create" "Mozilla/5.0 (Windows NT 10.0; Win64; x64) AppleWebKit/537.36 (KHTML, like Gecko) Chrome/86.0.4240.75 Safari/537.36 Edg/86.0.622.38"
77.235.132.140 - - [15/Oct/2020:13:41:55 +0000] "GET /f/country?search=lll HTTP/1.1" 200 2 "http://legalz.microbitstest.com/admin/clients/create" "Mozilla/5.0 (Windows NT 10.0; Win64; x64) AppleWebKit/537.36 (KHTML, like Gecko) Chrome/86.0.4240.75 Safari/537.36 Edg/86.0.622.38"
77.235.132.140 - - [15/Oct/2020:13:41:59 +0000] "GET /f/country?search=leba HTTP/1.1" 200 61 "http://legalz.microbitstest.com/admin/clients/create" "Mozilla/5.0 (Windows NT 10.0; Win64; x64) AppleWebKit/537.36 (KHTML, like Gecko) Chrome/86.0.4240.75 Safari/537.36 Edg/86.0.622.38"
77.235.132.140 - - [15/Oct/2020:13:42:04 +0000] "GET /f/state?id=121 HTTP/1.1" 200 452 "http://legalz.microbitstest.com/admin/clients/create" "Mozilla/5.0 (Windows NT 10.0; Win64; x64) AppleWebKit/537.36 (KHTML, like Gecko) Chrome/86.0.4240.75 Safari/537.36 Edg/86.0.622.38"
77.235.132.140 - - [15/Oct/2020:13:42:06 +0000] "GET /f/state?search=b&id=121 HTTP/1.1" 200 359 "http://legalz.microbitstest.com/admin/clients/create" "Mozilla/5.0 (Windows NT 10.0; Win64; x64) AppleWebKit/537.36 (KHTML, like Gecko) Chrome/86.0.4240.75 Safari/537.36 Edg/86.0.622.38"
77.235.132.140 - - [15/Oct/2020:13:42:07 +0000] "GET /f/state?search=ba&id=121 HTTP/1.1" 200 221 "http://legalz.microbitstest.com/admin/clients/create" "Mozilla/5.0 (Windows NT 10.0; Win64; x64) AppleWebKit/537.36 (KHTML, like Gecko) Chrome/86.0.4240.75 Safari/537.36 Edg/86.0.622.38"
77.235.132.140 - - [15/Oct/2020:13:42:08 +0000] "GET /f/state?search=baa&id=121 HTTP/1.1" 200 2 "http://legalz.microbitstest.com/admin/clients/create" "Mozilla/5.0 (Windows NT 10.0; Win64; x64) AppleWebKit/537.36 (KHTML, like Gecko) Chrome/86.0.4240.75 Safari/537.36 Edg/86.0.622.38"
77.235.132.140 - - [15/Oct/2020:13:42:09 +0000] "GET /f/state?search=baab&id=121 HTTP/1.1" 200 2 "http://legalz.microbitstest.com/admin/clients/create" "Mozilla/5.0 (Windows NT 10.0; Win64; x64) AppleWebKit/537.36 (KHTML, like Gecko) Chrome/86.0.4240.75 Safari/537.36 Edg/86.0.622.38"
77.235.132.140 - - [15/Oct/2020:13:42:11 +0000] "GET /f/state?search=baa&id=121 HTTP/1.1" 200 2 "http://legalz.microbitstest.com/admin/clients/create" "Mozilla/5.0 (Windows NT 10.0; Win64; x64) AppleWebKit/537.36 (KHTML, like Gecko) Chrome/86.0.4240.75 Safari/537.36 Edg/86.0.622.38"
77.235.132.140 - - [15/Oct/2020:13:42:12 +0000] "GET /f/state?search=ba&id=121 HTTP/1.1" 200 221 "http://legalz.microbitstest.com/admin/clients/create" "Mozilla/5.0 (Windows NT 10.0; Win64; x64) AppleWebKit/537.36 (KHTML, like Gecko) Chrome/86.0.4240.75 Safari/537.36 Edg/86.0.622.38"
77.235.132.140 - - [15/Oct/2020:13:42:13 +0000] "GET /f/state?search=b&id=121 HTTP/1.1" 200 359 "http://legalz.microbitstest.com/admin/clients/create" "Mozilla/5.0 (Windows NT 10.0; Win64; x64) AppleWebKit/537.36 (KHTML, like Gecko) Chrome/86.0.4240.75 Safari/537.36 Edg/86.0.622.38"
77.235.132.140 - - [15/Oct/2020:13:42:14 +0000] "GET /f/state?search=beirut&id=121 HTTP/1.1" 200 46 "http://legalz.microbitstest.com/admin/clients/create" "Mozilla/5.0 (Windows NT 10.0; Win64; x64) AppleWebKit/537.36 (KHTML, like Gecko) Chrome/86.0.4240.75 Safari/537.36 Edg/86.0.622.38"
77.246.77.10 - - [15/Oct/2020:13:42:26 +0000] "GET /f/state?id= HTTP/1.1" 200 195334 "http://legalz.microbitstest.com/admin/clients/create" "Mozilla/5.0 (Windows NT 10.0; Win64; x64) AppleWebKit/537.36 (KHTML, like Gecko) Chrome/85.0.4183.121 Safari/537.36"
77.246.77.10 - - [15/Oct/2020:13:42:29 +0000] "GET /f/state?id= HTTP/1.1" 200 195334 "http://legalz.microbitstest.com/admin/clients/create" "Mozilla/5.0 (Windows NT 10.0; Win64; x64) AppleWebKit/537.36 (KHTML, like Gecko) Chrome/85.0.4183.121 Safari/537.36"
77.246.77.10 - - [15/Oct/2020:13:42:30 +0000] "GET /f/state?id= HTTP/1.1" 200 195334 "http://legalz.microbitstest.com/admin/clients/create" "Mozilla/5.0 (Windows NT 10.0; Win64; x64) AppleWebKit/537.36 (KHTML, like Gecko) Chrome/85.0.4183.121 Safari/537.36"
77.246.77.10 - - [15/Oct/2020:13:42:31 +0000] "GET /f/state?id= HTTP/1.1" 200 195334 "http://legalz.microbitstest.com/admin/clients/create" "Mozilla/5.0 (Windows NT 10.0; Win64; x64) AppleWebKit/537.36 (KHTML, like Gecko) Chrome/85.0.4183.121 Safari/537.36"
77.246.77.10 - - [15/Oct/2020:13:42:31 +0000] "GET /f/state?id= HTTP/1.1" 200 195334 "http://legalz.microbitstest.com/admin/clients/create" "Mozilla/5.0 (Windows NT 10.0; Win64; x64) AppleWebKit/537.36 (KHTML, like Gecko) Chrome/85.0.4183.121 Safari/537.36"
77.246.77.10 - - [15/Oct/2020:13:42:32 +0000] "GET /f/country HTTP/1.1" 200 15431 "http://legalz.microbitstest.com/admin/clients/create" "Mozilla/5.0 (Windows NT 10.0; Win64; x64) AppleWebKit/537.36 (KHTML, like Gecko) Chrome/85.0.4183.121 Safari/537.36"
77.246.77.10 - - [15/Oct/2020:13:42:32 +0000] "GET /f/country HTTP/1.1" 200 15431 "http://legalz.microbitstest.com/admin/clients/create" "Mozilla/5.0 (Windows NT 10.0; Win64; x64) AppleWebKit/537.36 (KHTML, like Gecko) Chrome/85.0.4183.121 Safari/537.36"
77.246.77.10 - - [15/Oct/2020:13:42:33 +0000] "GET /f/country HTTP/1.1" 200 15431 "http://legalz.microbitstest.com/admin/clients/create" "Mozilla/5.0 (Windows NT 10.0; Win64; x64) AppleWebKit/537.36 (KHTML, like Gecko) Chrome/85.0.4183.121 Safari/537.36"
77.246.77.10 - - [15/Oct/2020:13:42:33 +0000] "GET /f/country HTTP/1.1" 200 15431 "http://legalz.microbitstest.com/admin/clients/create" "Mozilla/5.0 (Windows NT 10.0; Win64; x64) AppleWebKit/537.36 (KHTML, like Gecko) Chrome/85.0.4183.121 Safari/537.36"
77.246.77.10 - - [15/Oct/2020:13:42:36 +0000] "GET /f/country?search=leba HTTP/1.1" 200 61 "http://legalz.microbitstest.com/admin/clients/create" "Mozilla/5.0 (Windows NT 10.0; Win64; x64) AppleWebKit/537.36 (KHTML, like Gecko) Chrome/85.0.4183.121 Safari/537.36"
77.246.77.10 - - [15/Oct/2020:13:42:37 +0000] "GET /f/state?id=121 HTTP/1.1" 200 452 "http://legalz.microbitstest.com/admin/clients/create" "Mozilla/5.0 (Windows NT 10.0; Win64; x64) AppleWebKit/537.36 (KHTML, like Gecko) Chrome/85.0.4183.121 Safari/537.36"
77.246.77.10 - - [15/Oct/2020:13:42:38 +0000] "GET /f/state?id=121 HTTP/1.1" 200 452 "http://legalz.microbitstest.com/admin/clients/create" "Mozilla/5.0 (Windows NT 10.0; Win64; x64) AppleWebKit/537.36 (KHTML, like Gecko) Chrome/85.0.4183.121 Safari/537.36"
77.246.77.10 - - [15/Oct/2020:13:42:38 +0000] "GET /f/state?id=121 HTTP/1.1" 200 452 "http://legalz.microbitstest.com/admin/clients/create" "Mozilla/5.0 (Windows NT 10.0; Win64; x64) AppleWebKit/537.36 (KHTML, like Gecko) Chrome/85.0.4183.121 Safari/537.36"
77.246.77.10 - - [15/Oct/2020:13:42:44 +0000] "GET /f/country HTTP/1.1" 200 15431 "http://legalz.microbitstest.com/admin/clients/create" "Mozilla/5.0 (Windows NT 10.0; Win64; x64) AppleWebKit/537.36 (KHTML, like Gecko) Chrome/85.0.4183.121 Safari/537.36"
77.246.77.10 - - [15/Oct/2020:13:42:44 +0000] "GET /f/country HTTP/1.1" 200 15431 "http://legalz.microbitstest.com/admin/clients/create" "Mozilla/5.0 (Windows NT 10.0; Win64; x64) AppleWebKit/537.36 (KHTML, like Gecko) Chrome/85.0.4183.121 Safari/537.36"
77.246.77.10 - - [15/Oct/2020:13:42:45 +0000] "GET /f/country HTTP/1.1" 200 15431 "http://legalz.microbitstest.com/admin/clients/create" "Mozilla/5.0 (Windows NT 10.0; Win64; x64) AppleWebKit/537.36 (KHTML, like Gecko) Chrome/85.0.4183.121 Safari/537.36"
77.246.77.10 - - [15/Oct/2020:13:42:46 +0000] "GET /f/country HTTP/1.1" 200 15431 "http://legalz.microbitstest.com/admin/clients/create" "Mozilla/5.0 (Windows NT 10.0; Win64; x64) AppleWebKit/537.36 (KHTML, like Gecko) Chrome/85.0.4183.121 Safari/537.36"
77.246.77.10 - - [15/Oct/2020:13:42:48 +0000] "GET /f/state?id=120 HTTP/1.1" 200 1543 "http://legalz.microbitstest.com/admin/clients/create" "Mozilla/5.0 (Windows NT 10.0; Win64; x64) AppleWebKit/537.36 (KHTML, like Gecko) Chrome/85.0.4183.121 Safari/537.36"
77.246.77.10 - - [15/Oct/2020:13:42:48 +0000] "GET /f/state?id=120 HTTP/1.1" 200 1543 "http://legalz.microbitstest.com/admin/clients/create" "Mozilla/5.0 (Windows NT 10.0; Win64; x64) AppleWebKit/537.36 (KHTML, like Gecko) Chrome/85.0.4183.121 Safari/537.36"
77.246.77.10 - - [15/Oct/2020:13:42:51 +0000] "GET /f/country HTTP/1.1" 200 15431 "http://legalz.microbitstest.com/admin/clients/create" "Mozilla/5.0 (Windows NT 10.0; Win64; x64) AppleWebKit/537.36 (KHTML, like Gecko) Chrome/85.0.4183.121 Safari/537.36"
77.246.77.10 - - [15/Oct/2020:13:42:51 +0000] "GET /f/country HTTP/1.1" 200 15431 "http://legalz.microbitstest.com/admin/clients/create" "Mozilla/5.0 (Windows NT 10.0; Win64; x64) AppleWebKit/537.36 (KHTML, like Gecko) Chrome/85.0.4183.121 Safari/537.36"
77.246.77.10 - - [15/Oct/2020:13:42:54 +0000] "GET /f/state?id=121 HTTP/1.1" 200 452 "http://legalz.microbitstest.com/admin/clients/create" "Mozilla/5.0 (Windows NT 10.0; Win64; x64) AppleWebKit/537.36 (KHTML, like Gecko) Chrome/85.0.4183.121 Safari/537.36"
77.246.77.10 - - [15/Oct/2020:13:42:57 +0000] "GET /f/city?id=2151 HTTP/1.1" 200 2 "http://legalz.microbitstest.com/admin/clients/create" "Mozilla/5.0 (Windows NT 10.0; Win64; x64) AppleWebKit/537.36 (KHTML, like Gecko) Chrome/85.0.4183.121 Safari/537.36"
77.246.77.10 - - [15/Oct/2020:13:42:58 +0000] "GET /f/state?id=121 HTTP/1.1" 200 452 "http://legalz.microbitstest.com/admin/clients/create" "Mozilla/5.0 (Windows NT 10.0; Win64; x64) AppleWebKit/537.36 (KHTML, like Gecko) Chrome/85.0.4183.121 Safari/537.36"
77.246.77.10 - - [15/Oct/2020:13:43:02 +0000] "GET /f/city?id=2156 HTTP/1.1" 200 179 "http://legalz.microbitstest.com/admin/clients/create" "Mozilla/5.0 (Windows NT 10.0; Win64; x64) AppleWebKit/537.36 (KHTML, like Gecko) Chrome/85.0.4183.121 Safari/537.36"
77.246.77.10 - - [15/Oct/2020:13:43:03 +0000] "GET /f/city?id=2156 HTTP/1.1" 200 179 "http://legalz.microbitstest.com/admin/clients/create" "Mozilla/5.0 (Windows NT 10.0; Win64; x64) AppleWebKit/537.36 (KHTML, like Gecko) Chrome/85.0.4183.121 Safari/537.36"
77.235.132.140 - - [15/Oct/2020:13:43:12 +0000] "GET /f/state?search=baab&id=121 HTTP/1.1" 200 2 "http://legalz.microbitstest.com/admin/clients/create" "Mozilla/5.0 (Windows NT 10.0; Win64; x64) AppleWebKit/537.36 (KHTML, like Gecko) Chrome/86.0.4240.75 Safari/537.36 Edg/86.0.622.38"
77.235.132.140 - - [15/Oct/2020:13:43:22 +0000] "GET /f/state?search=&id=121 HTTP/1.1" 200 452 "http://legalz.microbitstest.com/admin/clients/create" "Mozilla/5.0 (Windows NT 10.0; Win64; x64) AppleWebKit/537.36 (KHTML, like Gecko) Chrome/86.0.4240.75 Safari/537.36 Edg/86.0.622.38"
77.246.77.10 - - [15/Oct/2020:13:43:22 +0000] "GET /f/state?id=121 HTTP/1.1" 200 452 "http://legalz.microbitstest.com/admin/clients/create" "Mozilla/5.0 (Windows NT 10.0; Win64; x64) AppleWebKit/537.36 (KHTML, like Gecko) Chrome/85.0.4183.121 Safari/537.36"
77.235.132.140 - - [15/Oct/2020:13:43:23 +0000] "GET /f/state?search=moun&id=121 HTTP/1.1" 200 2 "http://legalz.microbitstest.com/admin/clients/create" "Mozilla/5.0 (Windows NT 10.0; Win64; x64) AppleWebKit/537.36 (KHTML, like Gecko) Chrome/86.0.4240.75 Safari/537.36 Edg/86.0.622.38"
77.235.132.140 - - [15/Oct/2020:13:43:26 +0000] "GET /f/state?search=&id=121 HTTP/1.1" 200 452 "http://legalz.microbitstest.com/admin/clients/create" "Mozilla/5.0 (Windows NT 10.0; Win64; x64) AppleWebKit/537.36 (KHTML, like Gecko) Chrome/86.0.4240.75 Safari/537.36 Edg/86.0.622.38"
77.246.77.10 - - [15/Oct/2020:13:43:26 +0000] "GET /f/city?id=2151 HTTP/1.1" 200 2 "http://legalz.microbitstest.com/admin/clients/create" "Mozilla/5.0 (Windows NT 10.0; Win64; x64) AppleWebKit/537.36 (KHTML, like Gecko) Chrome/85.0.4183.121 Safari/537.36"
77.235.132.140 - - [15/Oct/2020:13:43:27 +0000] "GET /f/state?search=l&id=121 HTTP/1.1" 200 312 "http://legalz.microbitstest.com/admin/clients/create" "Mozilla/5.0 (Windows NT 10.0; Win64; x64) AppleWebKit/537.36 (KHTML, like Gecko) Chrome/86.0.4240.75 Safari/537.36 Edg/86.0.622.38"
77.235.132.140 - - [15/Oct/2020:13:43:28 +0000] "GET /f/state?search=li&id=121 HTTP/1.1" 200 119 "http://legalz.microbitstest.com/admin/clients/create" "Mozilla/5.0 (Windows NT 10.0; Win64; x64) AppleWebKit/537.36 (KHTML, like Gecko) Chrome/86.0.4240.75 Safari/537.36 Edg/86.0.622.38"
77.246.77.10 - - [15/Oct/2020:13:43:28 +0000] "GET /f/city?id=2151 HTTP/1.1" 200 2 "http://legalz.microbitstest.com/admin/clients/create" "Mozilla/5.0 (Windows NT 10.0; Win64; x64) AppleWebKit/537.36 (KHTML, like Gecko) Chrome/85.0.4183.121 Safari/537.36"
77.246.77.10 - - [15/Oct/2020:13:43:30 +0000] "GET /f/city?id=2151 HTTP/1.1" 200 2 "http://legalz.microbitstest.com/admin/clients/create" "Mozilla/5.0 (Windows NT 10.0; Win64; x64) AppleWebKit/537.36 (KHTML, like Gecko) Chrome/85.0.4183.121 Safari/537.36"
77.246.77.10 - - [15/Oct/2020:13:43:31 +0000] "GET /f/state?id=121 HTTP/1.1" 200 452 "http://legalz.microbitstest.com/admin/clients/create" "Mozilla/5.0 (Windows NT 10.0; Win64; x64) AppleWebKit/537.36 (KHTML, like Gecko) Chrome/85.0.4183.121 Safari/537.36"
77.246.77.10 - - [15/Oct/2020:13:43:32 +0000] "GET /f/state?id=121 HTTP/1.1" 200 452 "http://legalz.microbitstest.com/admin/clients/create" "Mozilla/5.0 (Windows NT 10.0; Win64; x64) AppleWebKit/537.36 (KHTML, like Gecko) Chrome/85.0.4183.121 Safari/537.36"
77.246.77.10 - - [15/Oct/2020:13:43:33 +0000] "GET /f/state?id=121 HTTP/1.1" 200 452 "http://legalz.microbitstest.com/admin/clients/create" "Mozilla/5.0 (Windows NT 10.0; Win64; x64) AppleWebKit/537.36 (KHTML, like Gecko) Chrome/85.0.4183.121 Safari/537.36"
77.246.77.10 - - [15/Oct/2020:13:43:37 +0000] "GET /f/city?id=2152 HTTP/1.1" 200 2 "http://legalz.microbitstest.com/admin/clients/create" "Mozilla/5.0 (Windows NT 10.0; Win64; x64) AppleWebKit/537.36 (KHTML, like Gecko) Chrome/85.0.4183.121 Safari/537.36"
77.246.77.10 - - [15/Oct/2020:13:43:38 +0000] "GET /f/city?id=2152 HTTP/1.1" 200 2 "http://legalz.microbitstest.com/admin/clients/create" "Mozilla/5.0 (Windows NT 10.0; Win64; x64) AppleWebKit/537.36 (KHTML, like Gecko) Chrome/85.0.4183.121 Safari/537.36"
77.235.132.140 - - [15/Oct/2020:13:43:38 +0000] "GET /f/city?id=2152 HTTP/1.1" 200 2 "http://legalz.microbitstest.com/admin/clients/create" "Mozilla/5.0 (Windows NT 10.0; Win64; x64) AppleWebKit/537.36 (KHTML, like Gecko) Chrome/86.0.4240.75 Safari/537.36 Edg/86.0.622.38"
77.246.77.10 - - [15/Oct/2020:13:43:39 +0000] "GET /f/city?id=2152 HTTP/1.1" 200 2 "http://legalz.microbitstest.com/admin/clients/create" "Mozilla/5.0 (Windows NT 10.0; Win64; x64) AppleWebKit/537.36 (KHTML, like Gecko) Chrome/85.0.4183.121 Safari/537.36"
77.235.132.140 - - [15/Oct/2020:13:43:40 +0000] "GET /f/city?search=baa&id=2152 HTTP/1.1" 200 2 "http://legalz.microbitstest.com/admin/clients/create" "Mozilla/5.0 (Windows NT 10.0; Win64; x64) AppleWebKit/537.36 (KHTML, like Gecko) Chrome/86.0.4240.75 Safari/537.36 Edg/86.0.622.38"
77.235.132.140 - - [15/Oct/2020:13:43:41 +0000] "GET /f/city?search=baab&id=2152 HTTP/1.1" 200 2 "http://legalz.microbitstest.com/admin/clients/create" "Mozilla/5.0 (Windows NT 10.0; Win64; x64) AppleWebKit/537.36 (KHTML, like Gecko) Chrome/86.0.4240.75 Safari/537.36 Edg/86.0.622.38"
77.246.77.10 - - [15/Oct/2020:13:43:41 +0000] "GET /f/city?id=2152 HTTP/1.1" 200 2 "http://legalz.microbitstest.com/admin/clients/create" "Mozilla/5.0 (Windows NT 10.0; Win64; x64) AppleWebKit/537.36 (KHTML, like Gecko) Chrome/85.0.4183.121 Safari/537.36"
77.246.77.10 - - [15/Oct/2020:13:43:42 +0000] "GET /f/city?id=2152 HTTP/1.1" 200 2 "http://legalz.microbitstest.com/admin/clients/create" "Mozilla/5.0 (Windows NT 10.0; Win64; x64) AppleWebKit/537.36 (KHTML, like Gecko) Chrome/85.0.4183.121 Safari/537.36"
77.235.132.140 - - [15/Oct/2020:13:43:46 +0000] "GET /f/city?search=&id=2152 HTTP/1.1" 200 2 "http://legalz.microbitstest.com/admin/clients/create" "Mozilla/5.0 (Windows NT 10.0; Win64; x64) AppleWebKit/537.36 (KHTML, like Gecko) Chrome/86.0.4240.75 Safari/537.36 Edg/86.0.622.38"
77.246.77.10 - - [15/Oct/2020:13:44:22 +0000] "GET /f/state?id=121 HTTP/1.1" 200 452 "http://legalz.microbitstest.com/admin/clients/create" "Mozilla/5.0 (Windows NT 10.0; Win64; x64) AppleWebKit/537.36 (KHTML, like Gecko) Chrome/85.0.4183.121 Safari/537.36"
77.246.77.10 - - [15/Oct/2020:13:44:23 +0000] "GET /f/state?id=121 HTTP/1.1" 200 452 "http://legalz.microbitstest.com/admin/clients/create" "Mozilla/5.0 (Windows NT 10.0; Win64; x64) AppleWebKit/537.36 (KHTML, like Gecko) Chrome/85.0.4183.121 Safari/537.36"
77.246.77.10 - - [15/Oct/2020:13:44:26 +0000] "GET /f/city?id=2150 HTTP/1.1" 200 144 "http://legalz.microbitstest.com/admin/clients/create" "Mozilla/5.0 (Windows NT 10.0; Win64; x64) AppleWebKit/537.36 (KHTML, like Gecko) Chrome/85.0.4183.121 Safari/537.36"
77.246.77.10 - - [15/Oct/2020:13:44:26 +0000] "GET /f/city?id=2150 HTTP/1.1" 200 144 "http://legalz.microbitstest.com/admin/clients/create" "Mozilla/5.0 (Windows NT 10.0; Win64; x64) AppleWebKit/537.36 (KHTML, like Gecko) Chrome/85.0.4183.121 Safari/537.36"
77.235.132.140 - - [15/Oct/2020:13:44:35 +0000] "GET /f/state?id=121 HTTP/1.1" 200 452 "http://legalz.microbitstest.com/admin/clients/create" "Mozilla/5.0 (Windows NT 10.0; Win64; x64) AppleWebKit/537.36 (KHTML, like Gecko) Chrome/86.0.4240.75 Safari/537.36 Edg/86.0.622.38"
77.235.132.140 - - [15/Oct/2020:13:44:37 +0000] "GET /f/state?search=be&id=121 HTTP/1.1" 200 46 "http://legalz.microbitstest.com/admin/clients/create" "Mozilla/5.0 (Windows NT 10.0; Win64; x64) AppleWebKit/537.36 (KHTML, like Gecko) Chrome/86.0.4240.75 Safari/537.36 Edg/86.0.622.38"
77.235.132.140 - - [15/Oct/2020:13:44:38 +0000] "GET /f/state?search=bei&id=121 HTTP/1.1" 200 46 "http://legalz.microbitstest.com/admin/clients/create" "Mozilla/5.0 (Windows NT 10.0; Win64; x64) AppleWebKit/537.36 (KHTML, like Gecko) Chrome/86.0.4240.75 Safari/537.36 Edg/86.0.622.38"
77.235.132.140 - - [15/Oct/2020:13:44:39 +0000] "GET /f/state?search=beir&id=121 HTTP/1.1" 200 46 "http://legalz.microbitstest.com/admin/clients/create" "Mozilla/5.0 (Windows NT 10.0; Win64; x64) AppleWebKit/537.36 (KHTML, like Gecko) Chrome/86.0.4240.75 Safari/537.36 Edg/86.0.622.38"
77.235.132.140 - - [15/Oct/2020:13:44:39 +0000] "GET /f/state?search=beirut&id=121 HTTP/1.1" 200 46 "http://legalz.microbitstest.com/admin/clients/create" "Mozilla/5.0 (Windows NT 10.0; Win64; x64) AppleWebKit/537.36 (KHTML, like Gecko) Chrome/86.0.4240.75 Safari/537.36 Edg/86.0.622.38"
77.235.132.140 - - [15/Oct/2020:13:44:43 +0000] "GET /f/city?id=2150 HTTP/1.1" 200 144 "http://legalz.microbitstest.com/admin/clients/create" "Mozilla/5.0 (Windows NT 10.0; Win64; x64) AppleWebKit/537.36 (KHTML, like Gecko) Chrome/86.0.4240.75 Safari/537.36 Edg/86.0.622.38"
77.235.132.140 - - [15/Oct/2020:13:44:44 +0000] "GET /f/state?id=121 HTTP/1.1" 200 452 "http://legalz.microbitstest.com/admin/clients/create" "Mozilla/5.0 (Windows NT 10.0; Win64; x64) AppleWebKit/537.36 (KHTML, like Gecko) Chrome/86.0.4240.75 Safari/537.36 Edg/86.0.622.38"
77.235.132.140 - - [15/Oct/2020:13:44:47 +0000] "GET /f/city?id=2150 HTTP/1.1" 200 144 "http://legalz.microbitstest.com/admin/clients/create" "Mozilla/5.0 (Windows NT 10.0; Win64; x64) AppleWebKit/537.36 (KHTML, like Gecko) Chrome/86.0.4240.75 Safari/537.36 Edg/86.0.622.38"
77.235.132.140 - - [15/Oct/2020:13:44:51 +0000] "GET /f/city?id=2150 HTTP/1.1" 200 144 "http://legalz.microbitstest.com/admin/clients/create" "Mozilla/5.0 (Windows NT 10.0; Win64; x64) AppleWebKit/537.36 (KHTML, like Gecko) Chrome/86.0.4240.75 Safari/537.36 Edg/86.0.622.38"
77.235.132.140 - - [15/Oct/2020:13:44:53 +0000] "GET /f/city?id=2150 HTTP/1.1" 200 144 "http://legalz.microbitstest.com/admin/clients/create" "Mozilla/5.0 (Windows NT 10.0; Win64; x64) AppleWebKit/537.36 (KHTML, like Gecko) Chrome/86.0.4240.75 Safari/537.36 Edg/86.0.622.38"
